// Vitest Snapshot v1, https://vitest.dev/guide/snapshot.html

exports[`classicRamp — reference parity > snapshot — additional inputs 1`] = `
{
  "#000000": [
    "#eeeeee",
    "#dddddd",
    "#cccccc",
    "#bbbbbb",
    "#aaaaaa",
    "#999999",
    "#888888",
    "#777777",
    "#666666",
    "#555555",
    "#444444",
    "#333333",
    "#222222",
    "#111111",
    "#000000",
  ],
  "#0000ff": [
    "#eeeeff",
    "#ddddff",
    "#ccccff",
    "#bbbbff",
    "#aaaaff",
    "#9999ff",
    "#8888ff",
    "#7777ff",
    "#6666ff",
    "#5555ff",
    "#4444ff",
    "#3333ff",
    "#2222ff",
    "#1111ff",
    "#0000ff",
    "#0000ee",
    "#0000dd",
    "#0000cc",
    "#0000bb",
    "#0000aa",
    "#000099",
    "#000088",
    "#000077",
    "#000066",
    "#000055",
    "#000044",
    "#000033",
    "#000022",
    "#000011",
  ],
  "#00ff00": [
    "#eeffee",
    "#ddffdd",
    "#ccffcc",
    "#bbffbb",
    "#aaffaa",
    "#99ff99",
    "#88ff88",
    "#77ff77",
    "#66ff66",
    "#55ff55",
    "#44ff44",
    "#33ff33",
    "#22ff22",
    "#11ff11",
    "#00ff00",
    "#00ee00",
    "#00dd00",
    "#00cc00",
    "#00bb00",
    "#00aa00",
    "#009900",
    "#008800",
    "#007700",
    "#006600",
    "#005500",
    "#004400",
    "#003300",
    "#002200",
    "#001100",
  ],
  "#808080": [
    "#f7f7f7",
    "#e6e6e6",
    "#d5d5d5",
    "#c4c4c4",
    "#b3b3b3",
    "#a2a2a2",
    "#919191",
    "#808080",
    "#6f6f6f",
    "#5e5e5e",
    "#4d4d4d",
    "#3c3c3c",
    "#2b2b2b",
    "#1a1a1a",
    "#090909",
  ],
  "#aabbcc": [
    "#eeffff",
    "#ddeeff",
    "#ccddee",
    "#bbccdd",
    "#aabbcc",
    "#99aacc",
    "#8899cc",
    "#7788cc",
    "#6677cc",
    "#5566cc",
    "#4455cc",
    "#3344cc",
    "#2233cc",
    "#1122cc",
    "#0011cc",
    "#0000cc",
    "#0000bb",
    "#0000aa",
    "#000099",
    "#000088",
    "#000077",
    "#000066",
    "#000055",
    "#000044",
    "#000033",
    "#000022",
    "#000011",
  ],
  "#abcdef": [
    "#efffff",
    "#deffff",
    "#cdefff",
    "#bcdeff",
    "#abcdef",
    "#9abcef",
    "#89abef",
    "#789aef",
    "#6789ef",
    "#5678ef",
    "#4567ef",
    "#3456ef",
    "#2345ef",
    "#1234ef",
    "#0123ef",
    "#0022df",
    "#0011df",
    "#0000df",
    "#0000ce",
    "#0000bd",
    "#0000ac",
    "#00009b",
    "#00008a",
    "#000079",
    "#000068",
    "#000057",
    "#000046",
    "#000035",
    "#000024",
    "#000013",
    "#000002",
  ],
  "#ff0000": [
    "#ffeeee",
    "#ffdddd",
    "#ffcccc",
    "#ffbbbb",
    "#ffaaaa",
    "#ff9999",
    "#ff8888",
    "#ff7777",
    "#ff6666",
    "#ff5555",
    "#ff4444",
    "#ff3333",
    "#ff2222",
    "#ff1111",
    "#ff0000",
    "#ee0000",
    "#dd0000",
    "#cc0000",
    "#bb0000",
    "#aa0000",
    "#990000",
    "#880000",
    "#770000",
    "#660000",
    "#550000",
    "#440000",
    "#330000",
    "#220000",
    "#110000",
  ],
  "#ff7f50": [
    "#fffffa",
    "#ffffe9",
    "#ffffd8",
    "#fff6c7",
    "#ffe5b6",
    "#ffd4a5",
    "#ffc394",
    "#ffb283",
    "#ffa172",
    "#ff9061",
    "#ff7f50",
    "#ff6e3f",
    "#ff5d2e",
    "#ff4c1d",
    "#ff3b0c",
    "#fa2f00",
    "#fa1e00",
    "#fa0d00",
    "#f60000",
    "#e50000",
    "#d40000",
    "#c30000",
    "#b20000",
    "#a10000",
    "#900000",
    "#7f0000",
    "#6e0000",
    "#5d0000",
    "#4c0000",
    "#3b0000",
    "#2a0000",
    "#190000",
    "#080000",
  ],
  "#ffffff": [
    "#ffffff",
    "#eeeeee",
    "#dddddd",
    "#cccccc",
    "#bbbbbb",
    "#aaaaaa",
    "#999999",
    "#888888",
    "#777777",
    "#666666",
    "#555555",
    "#444444",
    "#333333",
    "#222222",
    "#111111",
  ],
}
`;
